{
    "$schema": "https://getcomposer.org/schema.json",
    "name": "vendor/package",
    "type": "project",
    "license": "proprietary",
    "require": {
        "php": "^8.3",
        "laravel/framework": "^11.31",
        "laravel/tinker": "^2.9"
    },
    "require-dev": {
        "fakerphp/faker": "^1.23",
        "laravel/pail": "^1.1",
        "laravel/pint": "^1.13",
        "laravel/sail": "^1.26",
        "mockery/mockery": "^1.6",
        "nunomaduro/collision": "^8.1",
        "phpunit/phpunit": "^11.0.1"
    },
    "autoload": {
        "psr-4": {
            "App\\": "app/",
            "Database\\Factories\\": "database/factories/",
            "Database\\Seeders\\": "database/seeders/",
            "Vendor\\Package\\": "src/"
        }
    },
    "autoload-dev": {
        "psr-4": {
            "Tests\\": "tests/"
        }
    },
    "scripts": {
        "post-autoload-dump": [
            "Illuminate\\Foundation\\ComposerScripts::postAutoloadDump",
            "@php artisan package:discover --ansi"
        ],
        "post-update-cmd": [
            "@php artisan vendor:publish --tag=laravel-assets --ansi --force"
        ],
        "post-root-package-install": [
            "@php -r \"file_exists('.env') || copy('.env.example', '.env');\""
        ],
        "post-create-project-cmd": [
            "@php artisan key:generate --ansi",
            "@php -r \"file_exists('database/database.sqlite') || touch('database/database.sqlite');\"",
            "@php artisan migrate --graceful --ansi"
        ],
        "dev": [
            "Composer\\Config::disableProcessTimeout",
            "npx concurrently -c \"#93c5fd,#c4b5fd,#fb7185,#fdba74\" \"php artisan serve\" \"php artisan queue:listen --tries=1\" \"php artisan pail --timeout=0\" \"npm run dev\" --names=server,queue,logs,vite"
        ],
        "test": [
            "@php artisan config:clear --ansi",
            "@php artisan test"
        ],
        "coverage": [
            "@php artisan config:clear --ansi",
            "@php -d zend_extension=xdebug.so -d xdebug.mode=coverage ./vendor/bin/phpunit --coverage-text --coverage-html=build/coverage"
        ],
        "pcov": [
            "@php artisan config:clear --ansi",
            "@php -d extension=pcov.so -d pcov.enabled=1 ./vendor/bin/phpunit --coverage-text --coverage-html=build/coverage --coverage-clover=build/coverage.xml"
        ],
        "cs": "phpcs",
        "cs-fix": "phpcbf",
        "phpmd": "phpmd app,src text ./phpmd.xml",
        "follow": "OPENAPI_FOLLOW_REPORT=true ./vendor/bin/phpunit --no-progress --no-results",
        "qa": [
            "@phpmd",
            "phpstan",
            "psalm --no-cache"
        ],
        "lints": [
            "@cs",
            "@qa"
        ],
        "tests": [
            "@lints",
            "@test"
        ]
    },
    "extra": {
        "laravel": {
            "dont-discover": []
        }
    },
    "config": {
        "optimize-autoloader": true,
        "preferred-install": "dist",
        "sort-packages": true,
        "allow-plugins": {
            "pestphp/pest-plugin": true,
            "php-http/discovery": true
        },
        "platform": {
            "php": "8.3"
        }
    },
    "minimum-stability": "stable",
    "prefer-stable": true
}
